// Jest Snapshot v1, https://goo.gl/fbAQLP

exports[`The generated document matches the expected results 1`] = `
"|Name|Description|Type|Required|Default|
|---|---|---|---|---|
|name|表单的名称，最多8个字符|\`String\` / \`Number\`|\`true\`|-|

|Event Name|Description|Parameters|
|---|---|---|
|onclear|清空表单时触发| 参数是一个布尔值，代表xxx|

|Name|Description|Default Slot Content|
|---|---|---|
|header|表单头部|\`<th>title</th>\`|

|Method|Description|Parameters|
|---|---|---|
|clear|用来手动清空表单| 参数是一个布尔值，代表xxx|

"
`;
